[www.evanshalshaw.com/more/bondcars/index.html]
[backblue.gif]
[fade.gif]
[index.html]
[www.evanshalshaw.com/404/index2b0e.html]
[www.evanshalshaw.com/Static/Content/BondCars/bond-img/fb-share-150x150.jpg]
[www.evanshalshaw.com/Static/Content/BondCars/bond-js/vendor/modernizr-2.6.2.min.js]
[fast.fonts.com/cssapi/5fc3773a-915d-4784-b8f8-b89a266b5058.css]
[www.evanshalshaw.com/Static/Content/BondCars/bond-css/normalize.css]
[www.evanshalshaw.com/Static/Content/BondCars/bond-css/main.css]
[www.evanshalshaw.com/Static/Content/BondCars/bond-img/bond-cars-mobile.jpg]
[www.evanshalshaw.com/Static/Content/BondCars/bond-img/cars/c1-illustration-bodywork.png]
[www.evanshalshaw.com/Static/Content/BondCars/bond-img/cars/c6-photo-bodywork.png]
[www.evanshalshaw.com/Static/Content/BondCars/bond-img/cars/c21-photo-bodywork.png]
[www.evanshalshaw.com/Static/Content/BondCars/bond-img/152-james-bond.gif]
[www.evanshalshaw.com/Static/Content/BondCars/bond-img/end-spiral.gif]
[connect.facebook.net/en_GB/all.js]
[assets.pinterest.com/images/PinExt.png]
[ajax.googleapis.com/ajax/libs/jquery/1.8.3/jquery.min.js]
[ajax.googleapis.com/ajax/libs/jqueryui/1.9.0/jquery-ui.min.js]
[www.evanshalshaw.com/Static/Content/BondCars/bond-js/vendor/skrollr.min.js]
[www.evanshalshaw.com/404/indexefcf.html]
[www.evanshalshaw.com/Static/Content/BondCars/bond-js/main.js]
[apis.google.com/js/plusone.js]
[assets.pinterest.com/js/pinit.js]
[www.evanshalshaw.com/more/bondcars/index.html]
[platform.twitter.com/widgets.js]
[www.evanshalshaw.com/StyleSheets/Default.css]
[www.evanshalshaw.com/JavaScripts/jQueryPlugins/jquery.extensions.js]
[www.evanshalshaw.com/JavaScripts/jQuery/jquery.min.js]
[www.evanshalshaw.com/JavaScripts/jQuery/jquery.ui.min.js]
[www.evanshalshaw.com/JavaScripts/jQueryPlugins/jquery.cookie.js]
[www.evanshalshaw.com/JavaScripts/library.js]
[www.evanshalshaw.com/404/index2b0e.html]
[www.evanshalshaw.com/Static/Content/BondCars/bond-js/vendor/modernizr-2.6.2.min.js]
[www.evanshalshaw.com/JavaScripts/jQueryPlugins/jquery.scrollTo.min.js]
[fast.fonts.com/cssapi/5fc3773a-915d-4784-b8f8-b89a266b5058.css]
[www.evanshalshaw.com/Static/Content/BondCars/bond-css/normalize.css]
[www.evanshalshaw.com/Static/Content/BondCars/bond-img/ajax-loader.gif]
[www.evanshalshaw.com/Static/Content/BondCars/bond-img/white-arrow-left.png]
[www.evanshalshaw.com/Static/Content/BondCars/bond-img/wallpaper-download-icon.png]
[www.evanshalshaw.com/Static/Content/BondCars/bond-img/evans-halshaw-logo.png]
[www.evanshalshaw.com/Static/Content/BondCars/bond-img/cars/c1-date.png]
[www.evanshalshaw.com/Static/Content/BondCars/bond-img/cars/c2-part2.png]
[www.evanshalshaw.com/Static/Content/BondCars/bond-img/cars/c2-date.png]
[www.evanshalshaw.com/Static/Content/BondCars/bond-img/cars/c3-illustration-bodywork.png]
[www.evanshalshaw.com/Static/Content/BondCars/bond-img/cars/c3-part1.png]
[www.evanshalshaw.com/Static/Content/BondCars/bond-img/cars/c3-part2.png]
[www.evanshalshaw.com/Static/Content/BondCars/bond-img/cars/c3-date.png]
[www.evanshalshaw.com/Static/Content/BondCars/bond-img/cars/c4-illustration-bodywork.png]
[www.evanshalshaw.com/Static/Content/BondCars/bond-img/cars/c4-date.png]
[www.evanshalshaw.com/Static/Content/BondCars/bond-img/cars/c5-illustration-bodywork.png]
[www.evanshalshaw.com/Static/Content/BondCars/bond-img/cars/c5-part2.png]
[www.evanshalshaw.com/Static/Content/BondCars/bond-img/cars/c5-date.png]
[www.evanshalshaw.com/Static/Content/BondCars/bond-img/cars/c6-part1.png]
[www.evanshalshaw.com/Static/Content/BondCars/bond-img/cars/c7-illustration-bodywork.png]
[www.evanshalshaw.com/Static/Content/BondCars/bond-img/cars/c7-part1.png]
[www.evanshalshaw.com/Static/Content/BondCars/bond-img/cars/c7-part2.png]
[www.evanshalshaw.com/Static/Content/BondCars/bond-img/cars/c7-date.png]
[www.evanshalshaw.com/Static/Content/BondCars/bond-img/cars/c8-date.png]
[www.evanshalshaw.com/Static/Content/BondCars/bond-img/cars/c9-date.png]
[www.evanshalshaw.com/Static/Content/BondCars/bond-img/cars/c10-illustration-bodywork.png]
[www.evanshalshaw.com/Static/Content/BondCars/bond-img/cars/c10-part1.png]
[www.evanshalshaw.com/Static/Content/BondCars/bond-img/cars/c10-part2.png]
[www.evanshalshaw.com/Static/Content/BondCars/bond-img/cars/c11-illustration-bodywork.png]
[www.evanshalshaw.com/Static/Content/BondCars/bond-img/cars/c11-part1.png]
[www.evanshalshaw.com/Static/Content/BondCars/bond-img/cars/c11-part2.png]
[www.evanshalshaw.com/Static/Content/BondCars/bond-img/cars/c11-date.png]
[www.evanshalshaw.com/Static/Content/BondCars/bond-img/cars/c12-date.png]
[www.evanshalshaw.com/Static/Content/BondCars/bond-img/cars/c13-illustration-bodywork.png]
[www.evanshalshaw.com/Static/Content/BondCars/bond-img/cars/c13-date.png]
[www.evanshalshaw.com/Static/Content/BondCars/bond-img/cars/c14-illustration-bodywork.png]
[www.evanshalshaw.com/Static/Content/BondCars/bond-img/cars/c14-part1.png]
[www.evanshalshaw.com/Static/Content/BondCars/bond-img/cars/c14-part2.png]
[www.evanshalshaw.com/Static/Content/BondCars/bond-img/cars/c14-date.png]
[www.evanshalshaw.com/Static/Content/BondCars/bond-img/cars/c15-illustration-bodywork.png]
[www.evanshalshaw.com/Static/Content/BondCars/bond-img/cars/c15-date.png]
[www.evanshalshaw.com/Static/Content/BondCars/bond-img/cars/c16-illustration-bodywork.png]
[www.evanshalshaw.com/Static/Content/BondCars/bond-img/cars/c16-date.png]
[www.evanshalshaw.com/Static/Content/BondCars/bond-img/cars/c17-illustration-bodywork.png]
[www.evanshalshaw.com/Static/Content/BondCars/bond-img/cars/c17-date.png]
[www.evanshalshaw.com/Static/Content/BondCars/bond-img/cars/c18-illustration-bodywork.png]
[www.evanshalshaw.com/Static/Content/BondCars/bond-img/cars/c18-date.png]
[www.evanshalshaw.com/Static/Content/BondCars/bond-img/cars/c19-illustration-bodywork.png]
[www.evanshalshaw.com/Static/Content/BondCars/bond-img/cars/c19-date.png]
[www.evanshalshaw.com/Static/Content/BondCars/bond-img/cars/c20-illustration-bodywork.png]
[www.evanshalshaw.com/Static/Content/BondCars/bond-img/cars/c20-part1.png]
[www.evanshalshaw.com/Static/Content/BondCars/bond-img/cars/c20-part2.png]
[www.evanshalshaw.com/Static/Content/BondCars/bond-img/cars/c20-date.png]
[www.evanshalshaw.com/Static/Content/BondCars/bond-img/cars/c21-illustration-bodywork.png]
[www.evanshalshaw.com/Static/Content/BondCars/bond-img/cars/c21-date.png]
[www.evanshalshaw.com/Static/Content/BondCars/bond-img/cars/c22-illustration-bodywork.png]
[www.evanshalshaw.com/Static/Content/BondCars/bond-img/cars/c22-date.png]
[www.evanshalshaw.com/Static/Content/BondCars/bond-img/cars/c23-date.png]
[www.evanshalshaw.com/Static/Content/BondCars/bond-img/cars/c24-illustration-bodywork.png]
[www.evanshalshaw.com/Static/Content/BondCars/bond-img/cars/c24-part1.png]
[www.evanshalshaw.com/Static/Content/BondCars/bond-img/cars/c1-drag.png]
[www.evanshalshaw.com/Static/Content/BondCars/bond-img/cars/drag-hand.png]
[www.evanshalshaw.com/Static/Content/BondCars/bond-img/cars/c1-thumb.png]
[www.evanshalshaw.com/Static/Content/BondCars/bond-img/cars/c2-thumb.png]
[www.evanshalshaw.com/Static/Content/BondCars/bond-img/cars/c3-thumb.png]
[www.evanshalshaw.com/Static/Content/BondCars/bond-img/cars/c4-thumb.png]
[www.evanshalshaw.com/Static/Content/BondCars/bond-img/cars/c5-thumb.png]
[www.evanshalshaw.com/Static/Content/BondCars/bond-img/cars/c6-thumb.png]
[www.evanshalshaw.com/Static/Content/BondCars/bond-img/cars/c7-thumb.png]
[www.evanshalshaw.com/Static/Content/BondCars/bond-img/cars/c8-thumb.png]
[www.evanshalshaw.com/Static/Content/BondCars/bond-img/cars/c9-thumb.png]
[www.evanshalshaw.com/Static/Content/BondCars/bond-img/cars/c10-thumb.png]
[www.evanshalshaw.com/Static/Content/BondCars/bond-img/cars/c11-thumb.png]
[www.evanshalshaw.com/Static/Content/BondCars/bond-img/cars/c12-thumb.png]
[www.evanshalshaw.com/Static/Content/BondCars/bond-img/cars/c13-thumb.png]
[www.evanshalshaw.com/Static/Content/BondCars/bond-img/cars/c14-thumb.png]
[www.evanshalshaw.com/Static/Content/BondCars/bond-img/cars/c15-thumb.png]
[www.evanshalshaw.com/Static/Content/BondCars/bond-img/cars/c16-thumb.png]
[www.evanshalshaw.com/Static/Content/BondCars/bond-img/cars/c17-thumb.png]
[www.evanshalshaw.com/Static/Content/BondCars/bond-img/cars/c18-thumb.png]
[www.evanshalshaw.com/Static/Content/BondCars/bond-img/cars/c19-thumb.png]
[www.evanshalshaw.com/Static/Content/BondCars/bond-img/cars/c20-thumb.png]
[www.evanshalshaw.com/Static/Content/BondCars/bond-img/cars/c21-thumb.png]
[www.evanshalshaw.com/Static/Content/BondCars/bond-img/cars/c22-thumb.png]
[www.evanshalshaw.com/Static/Content/BondCars/bond-img/cars/c23-thumb.png]
[www.evanshalshaw.com/Static/Content/BondCars/bond-img/cars/c24-thumb.png]
[www.evanshalshaw.com/Static/Content/BondCars/bond-img/start-spiral.gif]
[www.evanshalshaw.com/Static/Content/BondCars/bond-img/ie-front-car.png]
[www.evanshalshaw.com/Static/Content/BondCars/bond-css/main.css]
[www.googletagmanager.com/gtm5445.html]
[connect.facebook.net/en_GB/all.js]
[www.evanshalshaw.com/404/indexefcf.html]
[www.evanshalshaw.com/Static/Content/BondCars/bond-img/infographic.jpg]
[www.evanshalshaw.com/Static/Content/BondCars/bond-js/vendor/skrollr.min.js]
[www.evanshalshaw.com/Static/Content/BondCars/bond-js/main.js]
[www.evanshalshaw.com/Images/Common/Icons/icon_information.png]
[www.evanshalshaw.com/Images/Common/Icons/icon_menu_mobile.png]
[www.evanshalshaw.com/Images/Common/Icons/icon_accordion_closed.png]
[www.evanshalshaw.com/Images/Common/Icons/icon_accordion_open.png]
[www.evanshalshaw.com/Images/Common/Icons/icon_search.png]
[www.evanshalshaw.com/Images/Common/Icons/icon_close_large.png]
[www.evanshalshaw.com/Images/Common/Interface/128x128_loader.gif]
[www.evanshalshaw.com/Images/Common/Interface/128x128_loader_home.gif]
[www.evanshalshaw.com/Images/Common/Icons/icon_gallery_enlarge.png]
[www.evanshalshaw.com/Images/Common/Icons/icon_gallery_arrow_left.png]
[www.evanshalshaw.com/Images/Common/Icons/icon_gallery_arrow_right.png]
[www.evanshalshaw.com/Images/Common/Icons/icon_gallery_video.png]
[www.evanshalshaw.com/Images/Common/Icons/icon_gallery_arrow_up.png]
[www.evanshalshaw.com/Images/Common/Icons/icon_gallery_isSelected.png]
[www.evanshalshaw.com/Images/Common/Icons/icon_view_list.png]
[www.evanshalshaw.com/Images/Common/Icons/icon_view_tiles.png]
[www.evanshalshaw.com/Images/Common/Icons/nav_arrow_collapsed_dark.png]
[www.evanshalshaw.com/Images/Common/Icons/nav_arrow_expanded_dark.png]
[www.evanshalshaw.com/Images/Common/Interface/loader_inline_grey.gif]
[www.evanshalshaw.com/Images/Common/Icons/icon_video.png]
[www.evanshalshaw.com/Images/Common/Icons/icon_gallery_close.png]
[www.evanshalshaw.com/Images/Common/Interface/loader_inline.gif]
[www.evanshalshaw.com/Images/Common/Icons/icon_clear.png]
[www.evanshalshaw.com/Images/Common/Icons/icon_question_mark.png]
[www.evanshalshaw.com/Images/Common/Icons/icon_car_white.png]
[www.evanshalshaw.com/Images/Common/Icons/icon_van_white.png]
[www.evanshalshaw.com/Images/Common/Icons/icon_truck_white.png]
[www.evanshalshaw.com/Images/Common/Icons/icon_bike_white.png]
[www.evanshalshaw.com/Images/Common/Icons/icon_twitter_logo.png]
[www.evanshalshaw.com/Images/Common/Icons/icon_twitter_reply.png]
[www.evanshalshaw.com/Images/Common/Icons/icon_twitter_retweet.png]
[www.evanshalshaw.com/Images/Common/Icons/icon_twitter_favourite.png]
[www.evanshalshaw.com/Images/Common/Icons/icon_light_edit.png]
[www.evanshalshaw.com/Images/Common/Icons/icon_reset.png]
[www.evanshalshaw.com/Images/Common/Icons/icon_tick_white.png]
[www.evanshalshaw.com/Images/Common/Icons/icon_cross_white.png]
[www.evanshalshaw.com/Images/Common/Icons/icon_print.png]
[www.evanshalshaw.com/Images/Common/Icons/icon_email.png]
[www.evanshalshaw.com/Images/Common/Icons/icon_location.png]
[www.evanshalshaw.com/Images/Common/Icons/icon_star_rating.png]
[www.evanshalshaw.com/Images/Common/Icons/icon_selected.png]
[www.evanshalshaw.com/Images/Common/Icons/icon_geo_location.png]
[www.evanshalshaw.com/Images/Common/Icons/icon_social_facebook.png]
[www.evanshalshaw.com/Images/Common/Icons/icon_social_google.png]
[www.evanshalshaw.com/Images/Common/Icons/icon_social_linkedin.png]
[www.evanshalshaw.com/Images/Common/Icons/icon_social_twitter.png]
[www.evanshalshaw.com/Images/EvansHalshaw/Interface/header_logo.png]
[www.evanshalshaw.com/Images/Common/Icons/icon_bullet_arrow_right.png]
[www.evanshalshaw.com/404/index7ff9.html]
[www.evanshalshaw.com/404/index5ebb.html]
[www.evanshalshaw.com/404/indexa4ef.html]
[www.evanshalshaw.com/404/indexed4c.html]
[www.evanshalshaw.com/404/indexc079.html]
[www.evanshalshaw.com/404/index0fd6.html]
[www.evanshalshaw.com/404/indexbc26.html]
[www.evanshalshaw.com/404/index189f.html]
[www.evanshalshaw.com/404/index7ba2.html]
[www.evanshalshaw.com/404/index9f0c.html]
[www.evanshalshaw.com/404/index5afe.html]
[www.evanshalshaw.com/404/indexb2e8.html]
[www.evanshalshaw.com/404/indexef50.html]
[www.evanshalshaw.com/Images/Common/ThirdParty/SwipeBox/loader.gif]
[www.evanshalshaw.com/404/index0e3d.html]
[www.evanshalshaw.com/Images/Common/ThirdParty/SwipeBox/icons.png]
[www.evanshalshaw.com/StyleSheets/Default.css]
[fast.fonts.com/t/184ed.css]
[www.evanshalshaw.com/Static/Content/BondCars/bond-img/cars/c2-illustration-bodywork.png]
[www.evanshalshaw.com/Static/Content/BondCars/bond-img/cars/c2-part1.png]
[www.evanshalshaw.com/Static/Content/BondCars/bond-img/cars/c5-part1.png]
[www.evanshalshaw.com/Static/Content/BondCars/bond-img/cars/c6-illustration-bodywork.png]
[www.evanshalshaw.com/Static/Content/BondCars/bond-img/cars/c6-part2.png]
[www.evanshalshaw.com/Static/Content/BondCars/bond-img/cars/c6-date.png]
[www.evanshalshaw.com/Static/Content/BondCars/bond-img/cars/c8-illustration-bodywork.png]
[www.evanshalshaw.com/Static/Content/BondCars/bond-img/cars/c10-date.png]
[www.evanshalshaw.com/Static/Content/BondCars/bond-img/cars/c9-illustration-bodywork.png]
[www.evanshalshaw.com/Static/Content/BondCars/bond-img/cars/c12-illustration-bodywork.png]
[www.evanshalshaw.com/Static/Content/BondCars/bond-img/cars/c23-illustration-bodywork.png]
[www.evanshalshaw.com/Static/Content/BondCars/bond-img/cars/c24-part2.png]
[www.evanshalshaw.com/Static/Content/BondCars/bond-img/cars/c24-date.png]
[www.evanshalshaw.com/Static/Content/BondCars/bond-img/cars/c21-drag.png]
[www.evanshalshaw.com/more/bondcars/ABCDEFGHIJKLMNOPQRSTUVWXYZabcdefghijklmnopqrstuvwxyz0123456789+/index.html]
[www.evanshalshaw.com/more/bondcars/dialog/index.html]
[www.evanshalshaw.com/404/index7ff9.html]
[www.evanshalshaw.com/404/indexc079.html]
[www.evanshalshaw.com/404/index5ebb.html]
[www.evanshalshaw.com/404/indexa4ef.html]
[www.evanshalshaw.com/404/indexed4c.html]
[www.evanshalshaw.com/404/index0fd6.html]
[www.evanshalshaw.com/404/indexbc26.html]
[www.evanshalshaw.com/404/index189f.html]
[www.evanshalshaw.com/404/index7ba2.html]
[www.evanshalshaw.com/Static/Content/BondCars/bond-img/infographic.jpg]
[www.evanshalshaw.com/404/index9f0c.html]
[www.evanshalshaw.com/404/index5afe.html]
[www.evanshalshaw.com/404/indexb2e8.html]
[www.evanshalshaw.com/404/indexef50.html]
[www.evanshalshaw.com/404/index0e3d.html]
